Last login: Fri Apr 29 13:14:27 on ttys000
jankz:~ jankz$ redis-cli
127.0.0.1:6379> KEYS *
 1) "testStr3"
 2) "userInfo1"
 3) "testDump"
 4) "testStr2"
 5) "testDump1"
 6) "noExistsTest"
 7) "counter2"
 8) "float1"
 9) "Six"
10) "testStr9"
11) "testStr11"
12) "testList1"
13) "test18"
14) "userInfo3"
15) "counter"
16) "testMove"
17) "test2"
18) "testStr10"
19) "test"
20) "userInfo2"
21) "testhash1"
22) "testStr"
127.0.0.1:6379> FLUSHALL
OK
127.0.0.1:6379> KEYS *
(empty list or set)
127.0.0.1:6379>  MULTI
OK
127.0.0.1:6379> INCR counter1
QUEUED
127.0.0.1:6379> INCR counter2
QUEUED
127.0.0.1:6379> INCR counter3
QUEUED
127.0.0.1:6379> PING
QUEUED
127.0.0.1:6379> GET counter1
QUEUED
127.0.0.1:6379> EXEC
1) (integer) 1
2) (integer) 1
3) (integer) 1
4) PONG
5) "1"
127.0.0.1:6379> WATCH counter1 counter2
OK
127.0.0.1:6379> INCR counter1
(integer) 2
127.0.0.1:6379> MULTI
OK
127.0.0.1:6379> INCR counter1
QUEUED
127.0.0.1:6379> INCR counter2
QUEUED
127.0.0.1:6379> EXEC
(nil)
127.0.0.1:6379> GET counter1
"10"
127.0.0.1:6379> GET counter2
"1"
127.0.0.1:6379> MULTI
OK
127.0.0.1:6379> INCR counter1
QUEUED
127.0.0.1:6379> INCR counter2
QUEUED
127.0.0.1:6379> EXEC
1) (integer) 11
2) (integer) 2
127.0.0.1:6379> MULTI
OK
127.0.0.1:6379> 
127.0.0.1:6379> SET testMulti1 'this is a test for multi'
QUEUED
127.0.0.1:6379> INCR counter1
QUEUED
127.0.0.1:6379> INCR counter2
QUEUED
127.0.0.1:6379> DISCARD
OK
127.0.0.1:6379> GET testMulti1
(nil)
127.0.0.1:6379> MULTI
OK
127.0.0.1:6379> SET test jankz
QUEUED
127.0.0.1:6379> SET test1
(error) ERR wrong number of arguments for 'set' command
127.0.0.1:6379> ERRORCOMMAND
(error) ERR unknown command 'ERRORCOMMAND'
127.0.0.1:6379> EXEC
(error) EXECABORT Transaction discarded because of previous errors.
127.0.0.1:6379> KEYS *
1) "counter3"
2) "counter2"
3) "counter1"
127.0.0.1:6379> MULTI
OK
127.0.0.1:6379> SET test2 1
QUEUED
127.0.0.1:6379> SADD test2 2
QUEUED
127.0.0.1:6379> SET test2 3
QUEUED
127.0.0.1:6379> EXEC
1) OK
2) (error) WRONGTYPE Operation against a key holding the wrong kind of value
3) OK
127.0.0.1:6379> CONFIG SET requirepass jankz
OK
127.0.0.1:6379> KEYS *
(error) NOAUTH Authentication required.
127.0.0.1:6379> AUTH jankz
OK
127.0.0.1:6379> KEYS *
1) "counter3"
2) "counter1"
3) "counter2"
4) "test2"
127.0.0.1:6379> CONFIG SET requirepass
(error) ERR Wrong number of arguments for CONFIG SET
127.0.0.1:6379> CONFIG SET requirepass 0
OK
127.0.0.1:6379> KEYS *
1) "counter3"
2) "counter1"
3) "counter2"
4) "test2"
127.0.0.1:6379> SET SESSION:test1 uid1
OK
127.0.0.1:6379> EXPIRE SESSION:test1 90
(integer) 1
127.0.0.1:6379> TTL SESSION:test1
(integer) 79
127.0.0.1:6379> TTL SESSION:test1
(integer) 77
127.0.0.1:6379> TTL SESSION:test1
(integer) 73
127.0.0.1:6379> TTL SESSION:test1
(integer) 48
127.0.0.1:6379> TTL SESSION:test1
(integer) 12
127.0.0.1:6379> SET SESSION:test2 uid2
OK
127.0.0.1:6379> SET SESSION:test2 uid2
OK
127.0.0.1:6379> EXPIRE SESSION:test2 60
(integer) 1
127.0.0.1:6379> TTL SESSION:test2
(integer) 54
127.0.0.1:6379> PERSIST SESSION:test2
(integer) 1
127.0.0.1:6379> TTL SESSION:test2
(integer) -1
127.0.0.1:6379> SET key hello
OK
127.0.0.1:6379> EXPIRE key 100
(integer) 1
127.0.0.1:6379> TTL key
(integer) 96
127.0.0.1:6379> SET key jankz
OK
127.0.0.1:6379> TTL key
(integer) -1
127.0.0.1:6379> LPUSH testSort1 12 33 -13 45 90
(integer) 5
127.0.0.1:6379> LRANGE testSort1 0 -1
1) "90"
2) "45"
3) "-13"
4) "33"
5) "12"
127.0.0.1:6379> SORT testSort1
1) "-13"
2) "12"
3) "33"
4) "45"
5) "90"
127.0.0.1:6379> SORT DESC testSort1
(error) ERR syntax error
127.0.0.1:6379> SORT  testSort1 DESC
1) "90"
2) "45"
3) "33"
4) "12"
5) "-13"
127.0.0.1:6379> SORT  testSort1 ASC
1) "-13"
2) "12"
3) "33"
4) "45"
5) "90"
127.0.0.1:6379> LPUSH testSort2 a b c test1 test2 king queen jankz
(integer) 8
127.0.0.1:6379> SORT testSort2
(error) ERR One or more scores can't be converted into double
127.0.0.1:6379> SORT testSort2 ALPHA
1) "a"
2) "b"
3) "c"
4) "jankz"
5) "king"
6) "queen"
7) "test1"
8) "test2"
127.0.0.1:6379> SORT testSort2 ALPHA DESC
1) "test2"
2) "test1"
3) "queen"
4) "king"
5) "jankz"
6) "c"
7) "b"
8) "a"
127.0.0.1:6379> LPUSH testSort3 a b c d e f g h i j k l m n 1 2 3 4 5 6 7 8 9 10
(integer) 24
127.0.0.1:6379> SORT testSort2 ALPHA
1) "a"
2) "b"
3) "c"
4) "jankz"
5) "king"
6) "queen"
7) "test1"
8) "test2"
127.0.0.1:6379> SORT testSort3 ALPHA
 1) "1"
 2) "10"
 3) "2"
 4) "3"
 5) "4"
 6) "5"
 7) "6"
 8) "7"
 9) "8"
10) "9"
11) "a"
12) "b"
13) "c"
14) "d"
15) "e"
16) "f"
17) "g"
18) "h"
19) "i"
20) "j"
21) "k"
22) "l"
23) "m"
24) "n"
127.0.0.1:6379> SORT testSort3 ALPHA LIMIT 0 5
1) "1"
2) "10"
3) "2"
4) "3"
5) "4"
127.0.0.1:6379> SORT testSort3 ALPHA LIMIT 0 5 DESC
1) "n"
2) "m"
3) "l"
4) "k"
5) "j"
127.0.0.1:6379> LPUSH uid1
(error) ERR wrong number of arguments for 'lpush' command
127.0.0.1:6379> LPUSH uid 1
(integer) 1
127.0.0.1:6379> LPUSH uid 1
(integer) 2
127.0.0.1:6379> SET user_name_1 admin
OK
127.0.0.1:6379> SET user_level_1 9999
OK
127.0.0.1:6379> LPUSH uid 2
(integer) 3
127.0.0.1:6379> SET user_name_2 king
OK
127.0.0.1:6379> SET user_level_2 8888
OK
127.0.0.1:6379> LPUSH uid 3
(integer) 4
127.0.0.1:6379> SET user_name_3 ajax
OK
127.0.0.1:6379> SET user_level_3 7777
OK
127.0.0.1:6379> LPUSH uid 4
(integer) 5
127.0.0.1:6379> SET user_name_4 php
OK
127.0.0.1:6379> SET user_level_4 6666
OK
127.0.0.1:6379> LPUSH uid 5
(integer) 6
127.0.0.1:6379> SET user_name_5 java
OK
127.0.0.1:6379> SET user_level_5 5555
OK
127.0.0.1:6379> LPUSH uid 6
(integer) 7
127.0.0.1:6379> SET user_name_6 ruby
OK
127.0.0.1:6379> SET user_level_6 3333
OK
127.0.0.1:6379> SORT uid
1) "1"
2) "1"
3) "2"
4) "3"
5) "4"
6) "5"
7) "6"
127.0.0.1:6379> SORT uid BY user_level_*
1) "6"
2) "5"
3) "4"
4) "3"
5) "2"
6) "1"
7) "1"
127.0.0.1:6379> SORT uid GET user_name_*
1) "admin"
2) "admin"
3) "king"
4) "ajax"
5) "php"
6) "java"
7) "ruby"
127.0.0.1:6379> SORT uid BY  user_name_* GET user_level_*
(error) ERR One or more scores can't be converted into double
127.0.0.1:6379> SORT uid BY  user_name_* ALPHA GET user_level_*
1) "9999"
2) "9999"
3) "7777"
4) "5555"
5) "8888"
6) "6666"
7) "3333"
127.0.0.1:6379> SORT uid BY user_level_* GET user_name_*
1) "ruby"
2) "java"
3) "php"
4) "ajax"
5) "king"
6) "admin"
7) "admin"
127.0.0.1:6379> SORT uid GET user_name_* GET user_level_*
 1) "admin"
 2) "9999"
 3) "admin"
 4) "9999"
 5) "king"
 6) "8888"
 7) "ajax"
 8) "7777"
 9) "php"
10) "6666"
11) "java"
12) "5555"
13) "ruby"
14) "3333"
127.0.0.1:6379> SORT uid GET # user_level_* GET user_name_*
(error) ERR syntax error
127.0.0.1:6379> SORT uid GET # GET user_level_* GET user_name_*
 1) "1"
 2) "9999"
 3) "admin"
 4) "1"
 5) "9999"
 6) "admin"
 7) "2"
 8) "8888"
 9) "king"
10) "3"
11) "7777"
12) "ajax"
13) "4"
14) "6666"
15) "php"
16) "5"
17) "5555"
18) "java"
19) "6"
20) "3333"
21) "ruby"
127.0.0.1:6379> SORT uid BY user_level_* GET # GET user_level_* GET user_name_*
 1) "6"
 2) "3333"
 3) "ruby"
 4) "5"
 5) "5555"
 6) "java"
 7) "4"
 8) "6666"
 9) "php"
10) "3"
11) "7777"
12) "ajax"
13) "2"
14) "8888"
15) "king"
16) "1"
17) "9999"
18) "admin"
19) "1"
20) "9999"
21) "admin"
127.0.0.1:6379> SORT BY noExists
(error) ERR syntax error
127.0.0.1:6379> SORT uid BY noExists
1) "6"
2) "5"
3) "4"
4) "3"
5) "2"
6) "1"
7) "1"
127.0.0.1:6379> SORT uid BY noExists GET # GET user_level_* GET user_name_*
 1) "6"
 2) "3333"
 3) "ruby"
 4) "5"
 5) "5555"
 6) "java"
 7) "4"
 8) "6666"
 9) "php"
10) "3"
11) "7777"
12) "ajax"
13) "2"
14) "8888"
15) "king"
16) "1"
17) "9999"
18) "admin"
19) "1"
20) "9999"
21) "admin"
127.0.0.1:6379>  HMSET user_Info_1 username admin level 1000
OK
127.0.0.1:6379>  HMSET user_Info_2 username zjank level 1001
OK
127.0.0.1:6379>  HMSET user_Info_3 username jankj level 10
OK
127.0.0.1:6379>  HMSET user_Info_4 username jankp level 100
OK
127.0.0.1:6379> SORT uid BY user_Info_*->level
1) "5"
2) "6"
3) "3"
4) "4"
5) "1"
6) "1"
7) "2"
127.0.0.1:6379> SORT uid GET user_Info_*->username
1) "admin"
2) "admin"
3) "zjank"
4) "jankj"
5) "jankp"
6) (nil)
7) (nil)
127.0.0.1:6379> SORT uid BY user_Info_* ->level GET # GET user_Info_*->username
(error) ERR syntax error
127.0.0.1:6379> SORT uid BY user_Info_*->level GET # GET user_Info_*->username
 1) "5"
 2) (nil)
 3) "6"
 4) (nil)
 5) "3"
 6) "jankj"
 7) "4"
 8) "jankp"
 9) "1"
10) "admin"
11) "1"
12) "admin"
13) "2"
14) "zjank"
127.0.0.1:6379> LPUSH testSort4 1 2 35 6 8 9
(integer) 6
127.0.0.1:6379> LPUSH testSort4 34 56 78 90
(integer) 10
127.0.0.1:6379> LRANGE testSort4 0 -1
 1) "90"
 2) "78"
 3) "56"
 4) "34"
 5) "9"
 6) "8"
 7) "6"
 8) "35"
 9) "2"
10) "1"
127.0.0.1:6379> LRANGE testSort4 0 -1 DESC
(error) ERR wrong number of arguments for 'lrange' command
127.0.0.1:6379> LRANGE testSort4 0 -1
 1) "90"
 2) "78"
 3) "56"
 4) "34"
 5) "9"
 6) "8"
 7) "6"
 8) "35"
 9) "2"
10) "1"
127.0.0.1:6379> LRANGE testSort4 0 -1 DESC
(error) ERR wrong number of arguments for 'lrange' command
127.0.0.1:6379> SORT testSort4
 1) "1"
 2) "2"
 3) "6"
 4) "8"
 5) "9"
 6) "34"
 7) "35"
 8) "56"
 9) "78"
10) "90"
127.0.0.1:6379> SORT testSort4 DESC STORE sortRes4
(integer) 10
127.0.0.1:6379> LRANGE sortRes4 0 -1
 1) "90"
 2) "78"
 3) "56"
 4) "35"
 5) "34"
 6) "9"
 7) "8"
 8) "6"
 9) "2"
10) "1"
127.0.0.1:6379> 